// Jest Snapshot v1, https://goo.gl/fbAQLP

exports[`Hub component should match exact snapshot 1`] = `
<div>
  <ul
    className="list-unstyled"
  >
    <li
      className="list-item alert alert-success"
    >
      <i
        className="fas fa-thermometer-three-quarters fa-2x"
      />
       
      <span
        className="h2"
        id="temperature"
      >
         Â°C
      </span>
    </li>
    <li
      className="list-item alert alert-info"
    >
      <i
        className="fas fa-tint fa-2x"
      />
       
      <span
        className="h2"
        id="humidity"
      >
         %
      </span>
    </li>
    <li
      className="list-item alert alert-warning"
    >
      <i
        className="fas fa-cloud fa-2x"
      />
       
      <span
        className="h2"
        id="pressure"
      >
         Pa
      </span>
    </li>
    <li
      className="list-item alert alert-secondary"
    >
      <i
        className="fas fa-sun fa-2x"
      />
       
      <span
        className="h2"
        id="light"
      >
         lx
      </span>
    </li>
    <li
      className="list-item alert alert-danger"
    >
      <i
        className="fas fa-mountain fa-2x"
      />
       
      <span
        className="h2"
        id="altitude"
      >
         m
      </span>
    </li>
  </ul>
</div>
`;
